// Jest Snapshot v1, https://goo.gl/fbAQLP

exports[`App container component Should match snapshot 1`] = `
<MainLayout>
  <ChildComponent />
</MainLayout>
`;
